epaul@LAPTOP-UOM6DENQ MINGW64 ~
$ cd c:

epaul@LAPTOP-UOM6DENQ MINGW64 /c
$ cd desarolloWeb
bash: cd: desarolloWeb: No such file or directory

epaul@LAPTOP-UOM6DENQ MINGW64 /c
$ cd DesarolloWeb
bash: cd: DesarolloWeb: No such file or directory

epaul@LAPTOP-UOM6DENQ MINGW64 /c
$ cd desarrolloWeb

epaul@LAPTOP-UOM6DENQ MINGW64 /c/desarrolloWeb
$ git clone https://github.com/PaulGlez7/Paul_examen.git
Cloning into 'Paul_examen'...
remote: Enumerating objects: 3, done.
remote: Counting objects: 100% (3/3), done.
remote: Total 3 (delta 0), reused 0 (delta 0), pack-reused 0
Receiving objects: 100% (3/3), done.

epaul@LAPTOP-UOM6DENQ MINGW64 /c/desarrolloWeb
$ cd Paul_Examen

epaul@LAPTOP-UOM6DENQ MINGW64 /c/desarrolloWeb/Paul_Examen (main)
$ git branch produccion

epaul@LAPTOP-UOM6DENQ MINGW64 /c/desarrolloWeb/Paul_Examen (main)
$ git branch ventas

epaul@LAPTOP-UOM6DENQ MINGW64 /c/desarrolloWeb/Paul_Examen (main)
$ git branch recurso_humano

epaul@LAPTOP-UOM6DENQ MINGW64 /c/desarrolloWeb/Paul_Examen (main)
$ git push origin main
Everything up-to-date

epaul@LAPTOP-UOM6DENQ MINGW64 /c/desarrolloWeb/Paul_Examen (main)
$ git add .

epaul@LAPTOP-UOM6DENQ MINGW64 /c/desarrolloWeb/Paul_Examen (main)
$ git commit -m "los branchs"
On branch main
Your branch is up to date with 'origin/main'.

nothing to commit, working tree clean

epaul@LAPTOP-UOM6DENQ MINGW64 /c/desarrolloWeb/Paul_Examen (main)
$ git push origin main
Everything up-to-date

epaul@LAPTOP-UOM6DENQ MINGW64 /c/desarrolloWeb/Paul_Examen (main)
$ git push origin produccion
Total 0 (delta 0), reused 0 (delta 0), pack-reused 0
remote:
remote: Create a pull request for 'produccion' on GitHub by visiting:
remote:      https://github.com/PaulGlez7/Paul_examen/pull/new/produccion
remote:
To https://github.com/PaulGlez7/Paul_examen.git
 * [new branch]      produccion -> produccion

epaul@LAPTOP-UOM6DENQ MINGW64 /c/desarrolloWeb/Paul_Examen (main)
$ git push origin ventas
Total 0 (delta 0), reused 0 (delta 0), pack-reused 0
remote:
remote: Create a pull request for 'ventas' on GitHub by visiting:
remote:      https://github.com/PaulGlez7/Paul_examen/pull/new/ventas
remote:
To https://github.com/PaulGlez7/Paul_examen.git
 * [new branch]      ventas -> ventas

epaul@LAPTOP-UOM6DENQ MINGW64 /c/desarrolloWeb/Paul_Examen (main)
$ git push origin reucrso_humano
error: src refspec reucrso_humano does not match any
error: failed to push some refs to 'https://github.com/PaulGlez7/Paul_examen.git'

epaul@LAPTOP-UOM6DENQ MINGW64 /c/desarrolloWeb/Paul_Examen (main)
$ git push origin recurso_humano
Total 0 (delta 0), reused 0 (delta 0), pack-reused 0
remote:
remote: Create a pull request for 'recurso_humano' on GitHub by visiting:
remote:      https://github.com/PaulGlez7/Paul_examen/pull/new/recurso_humano
remote:
To https://github.com/PaulGlez7/Paul_examen.git
 * [new branch]      recurso_humano -> recurso_humano

epaul@LAPTOP-UOM6DENQ MINGW64 /c/desarrolloWeb/Paul_Examen (main)
$ git checkout produccion
Switched to branch 'produccion'

epaul@LAPTOP-UOM6DENQ MINGW64 /c/desarrolloWeb/Paul_Examen (produccion)
$ git add.
git: 'add.' is not a git command. See 'git --help'.

The most similar command is
        add

epaul@LAPTOP-UOM6DENQ MINGW64 /c/desarrolloWeb/Paul_Examen (produccion)
$ git add .

epaul@LAPTOP-UOM6DENQ MINGW64 /c/desarrolloWeb/Paul_Examen (produccion)
$ git commit -m "añadiendo datos en produccion"
[produccion 20f9e1b] añadiendo datos en produccion
 3 files changed, 0 insertions(+), 0 deletions(-)
 create mode 100644 materia_prima.txt
 create mode 100644 productofinal.png
 create mode 100644 productofinal.txt

epaul@LAPTOP-UOM6DENQ MINGW64 /c/desarrolloWeb/Paul_Examen (produccion)
$ git push origin produccion
Enumerating objects: 5, done.
Counting objects: 100% (5/5), done.
Delta compression using up to 8 threads
Compressing objects: 100% (3/3), done.
Writing objects: 100% (4/4), 7.48 KiB | 2.49 MiB/s, done.
Total 4 (delta 0), reused 0 (delta 0), pack-reused 0
To https://github.com/PaulGlez7/Paul_examen.git
   7d61b52..20f9e1b  produccion -> produccion

epaul@LAPTOP-UOM6DENQ MINGW64 /c/desarrolloWeb/Paul_Examen (produccion)
$ git checkout ventas
Switched to branch 'ventas'

epaul@LAPTOP-UOM6DENQ MINGW64 /c/desarrolloWeb/Paul_Examen (ventas)
$ git add .

epaul@LAPTOP-UOM6DENQ MINGW64 /c/desarrolloWeb/Paul_Examen (ventas)
$ git commit -m "añadiendo datos en ventas"
[ventas 631a232] añadiendo datos en ventas
 1 file changed, 3 insertions(+)
 create mode 100644 tiendas.txt

epaul@LAPTOP-UOM6DENQ MINGW64 /c/desarrolloWeb/Paul_Examen (ventas)
$ git push origin ventas
Enumerating objects: 4, done.
Counting objects: 100% (4/4), done.
Delta compression using up to 8 threads
Compressing objects: 100% (2/2), done.
Writing objects: 100% (3/3), 336 bytes | 336.00 KiB/s, done.
Total 3 (delta 0), reused 0 (delta 0), pack-reused 0
To https://github.com/PaulGlez7/Paul_examen.git
   7d61b52..631a232  ventas -> ventas

epaul@LAPTOP-UOM6DENQ MINGW64 /c/desarrolloWeb/Paul_Examen (ventas)
$ git checkout recurso_humano
Switched to branch 'recurso_humano'

epaul@LAPTOP-UOM6DENQ MINGW64 /c/desarrolloWeb/Paul_Examen (recurso_humano)
$ git add .

epaul@LAPTOP-UOM6DENQ MINGW64 /c/desarrolloWeb/Paul_Examen (recurso_humano)
$ git commit -m "añadiendo datos en recurso humano"
[recurso_humano 0b04c70] añadiendo datos en recurso humano
 1 file changed, 5 insertions(+)
 create mode 100644 empleados.txt

epaul@LAPTOP-UOM6DENQ MINGW64 /c/desarrolloWeb/Paul_Examen (recurso_humano)
$ git push origin recurso_humano
Enumerating objects: 4, done.
Counting objects: 100% (4/4), done.
Delta compression using up to 8 threads
Compressing objects: 100% (3/3), done.
Writing objects: 100% (3/3), 367 bytes | 183.00 KiB/s, done.
Total 3 (delta 0), reused 0 (delta 0), pack-reused 0
To https://github.com/PaulGlez7/Paul_examen.git
   7d61b52..0b04c70  recurso_humano -> recurso_humano

epaul@LAPTOP-UOM6DENQ MINGW64 /c/desarrolloWeb/Paul_Examen (recurso_humano)
$ git checkout main
Switched to branch 'main'
Your branch is up to date with 'origin/main'.

epaul@LAPTOP-UOM6DENQ MINGW64 /c/desarrolloWeb/Paul_Examen (main)
$ git merge produccion
Updating 7d61b52..20f9e1b
Fast-forward
 materia_prima.txt |   0
 productofinal.png | Bin 0 -> 7332 bytes
 productofinal.txt |   0
 3 files changed, 0 insertions(+), 0 deletions(-)
 create mode 100644 materia_prima.txt
 create mode 100644 productofinal.png
 create mode 100644 productofinal.txt

epaul@LAPTOP-UOM6DENQ MINGW64 /c/desarrolloWeb/Paul_Examen (main)
$ git push origin main
Total 0 (delta 0), reused 0 (delta 0), pack-reused 0
To https://github.com/PaulGlez7/Paul_examen.git
   7d61b52..20f9e1b  main -> main

epaul@LAPTOP-UOM6DENQ MINGW64 /c/desarrolloWeb/Paul_Examen (main)
$ git tag 1.0

epaul@LAPTOP-UOM6DENQ MINGW64 /c/desarrolloWeb/Paul_Examen (main)
$ git push origin 1.0
Total 0 (delta 0), reused 0 (delta 0), pack-reused 0
To https://github.com/PaulGlez7/Paul_examen.git
 * [new tag]         1.0 -> 1.0

epaul@LAPTOP-UOM6DENQ MINGW64 /c/desarrolloWeb/Paul_Examen (main)
$ git checkout recurso_humano
Switched to branch 'recurso_humano'

epaul@LAPTOP-UOM6DENQ MINGW64 /c/desarrolloWeb/Paul_Examen (recurso_humano)
$ git add .

epaul@LAPTOP-UOM6DENQ MINGW64 /c/desarrolloWeb/Paul_Examen (recurso_humano)
$ git commit -m "añadiendo mas empleados"
[recurso_humano af96622] añadiendo mas empleados
 1 file changed, 6 insertions(+), 1 deletion(-)

epaul@LAPTOP-UOM6DENQ MINGW64 /c/desarrolloWeb/Paul_Examen (recurso_humano)
$ git diff empleados.txt empleados.txt

epaul@LAPTOP-UOM6DENQ MINGW64 /c/desarrolloWeb/Paul_Examen (recurso_humano)
$ git diff

epaul@LAPTOP-UOM6DENQ MINGW64 /c/desarrolloWeb/Paul_Examen (recurso_humano)
$ git diff empleados.txt empleados.txt

epaul@LAPTOP-UOM6DENQ MINGW64 /c/desarrolloWeb/Paul_Examen (recurso_humano)
$ git status
On branch recurso_humano
nothing to commit, working tree clean

epaul@LAPTOP-UOM6DENQ MINGW64 /c/desarrolloWeb/Paul_Examen (recurso_humano)
$ git show
commit af9662289659d81ef5dbff57c28c2c5e19858f87 (HEAD -> recurso_humano)
Author: PaulGlez7 <tic-280044@utnay.edu.mx>
Date:   Mon Jun 12 16:58:07 2023 -0700

    añadiendo mas empleados

diff --git a/empleados.txt b/empleados.txt
index e137f9e..eb88ab0 100644
--- a/empleados.txt
+++ b/empleados.txt
@@ -2,4 +2,9 @@ cesar jimenez
 cristian meza
 jairo robles
 paul gonzalez
-eduardo cabrales
\ No newline at end of file
+eduardo cabrales
+xochilt lopez
+grisel gonzalez
+alexis cabrales
+cristiano ronaldo
+leonel messi

epaul@LAPTOP-UOM6DENQ MINGW64 /c/desarrolloWeb/Paul_Examen (recurso_humano)
$ git checkout main
Switched to branch 'main'
Your branch is up to date with 'origin/main'.

epaul@LAPTOP-UOM6DENQ MINGW64 /c/desarrolloWeb/Paul_Examen (main)
$ git merge recurso_humano
Merge made by the 'ort' strategy.
 empleados.txt | 10 ++++++++++
 1 file changed, 10 insertions(+)
 create mode 100644 empleados.txt

epaul@LAPTOP-UOM6DENQ MINGW64 /c/desarrolloWeb/Paul_Examen (main)
$ git checkout recurso_humano
Switched to branch 'recurso_humano'

epaul@LAPTOP-UOM6DENQ MINGW64 /c/desarrolloWeb/Paul_Examen (recurso_humano)
$ git push origin recurso_humano
Enumerating objects: 5, done.
Counting objects: 100% (5/5), done.
Delta compression using up to 8 threads
Compressing objects: 100% (3/3), done.
Writing objects: 100% (3/3), 395 bytes | 197.00 KiB/s, done.
Total 3 (delta 0), reused 0 (delta 0), pack-reused 0
To https://github.com/PaulGlez7/Paul_examen.git
   0b04c70..af96622  recurso_humano -> recurso_humano

epaul@LAPTOP-UOM6DENQ MINGW64 /c/desarrolloWeb/Paul_Examen (recurso_humano)
$ git checkout main
Switched to branch 'main'
Your branch is ahead of 'origin/main' by 3 commits.
  (use "git push" to publish your local commits)

epaul@LAPTOP-UOM6DENQ MINGW64 /c/desarrolloWeb/Paul_Examen (main)
$ git merge recurso_humano
Already up to date.

epaul@LAPTOP-UOM6DENQ MINGW64 /c/desarrolloWeb/Paul_Examen (main)
$ git push origin main
Enumerating objects: 4, done.
Counting objects: 100% (4/4), done.
Delta compression using up to 8 threads
Compressing objects: 100% (2/2), done.
Writing objects: 100% (2/2), 308 bytes | 308.00 KiB/s, done.
Total 2 (delta 1), reused 0 (delta 0), pack-reused 0
remote: Resolving deltas: 100% (1/1), completed with 1 local object.
To https://github.com/PaulGlez7/Paul_examen.git
   20f9e1b..5f502fa  main -> main

epaul@LAPTOP-UOM6DENQ MINGW64 /c/desarrolloWeb/Paul_Examen (main)
$ git tag 1.1

epaul@LAPTOP-UOM6DENQ MINGW64 /c/desarrolloWeb/Paul_Examen (main)
$ git push origin 1.1
Total 0 (delta 0), reused 0 (delta 0), pack-reused 0
To https://github.com/PaulGlez7/Paul_examen.git
 * [new tag]         1.1 -> 1.1

epaul@LAPTOP-UOM6DENQ MINGW64 /c/desarrolloWeb/Paul_Examen (main)
$ git checkout ventas
Switched to branch 'ventas'

epaul@LAPTOP-UOM6DENQ MINGW64 /c/desarrolloWeb/Paul_Examen (ventas)
$ git add .

epaul@LAPTOP-UOM6DENQ MINGW64 /c/desarrolloWeb/Paul_Examen (ventas)
$ git commit -m "añadiendo mas tiendas"
[ventas 74c2f35] añadiendo mas tiendas
 1 file changed, 3 insertions(+), 1 deletion(-)

epaul@LAPTOP-UOM6DENQ MINGW64 /c/desarrolloWeb/Paul_Examen (ventas)
$ git push origin ventas
Enumerating objects: 5, done.
Counting objects: 100% (5/5), done.
Delta compression using up to 8 threads
Compressing objects: 100% (3/3), done.
Writing objects: 100% (3/3), 349 bytes | 174.00 KiB/s, done.
Total 3 (delta 0), reused 0 (delta 0), pack-reused 0
To https://github.com/PaulGlez7/Paul_examen.git
   631a232..74c2f35  ventas -> ventas

epaul@LAPTOP-UOM6DENQ MINGW64 /c/desarrolloWeb/Paul_Examen (ventas)
$ git checkout recurso_humano
Switched to branch 'recurso_humano'

epaul@LAPTOP-UOM6DENQ MINGW64 /c/desarrolloWeb/Paul_Examen (recurso_humano)
$ git add .

epaul@LAPTOP-UOM6DENQ MINGW64 /c/desarrolloWeb/Paul_Examen (recurso_humano)
$ git commit -m "añadiendo empleados"
[recurso_humano c813c03] añadiendo empleados
 5 files changed, 0 insertions(+), 0 deletions(-)
 create mode 100644 fotos_empleados/empleado1.jpg
 create mode 100644 fotos_empleados/empleado2.jpg
 create mode 100644 fotos_empleados/empleado3.jpg
 create mode 100644 fotos_empleados/empleado4.jpg
 create mode 100644 fotos_empleados/empleado5.jpg

epaul@LAPTOP-UOM6DENQ MINGW64 /c/desarrolloWeb/Paul_Examen (recurso_humano)
$ git push origin recurso_humano
Enumerating objects: 9, done.
Counting objects: 100% (9/9), done.
Delta compression using up to 8 threads
Compressing objects: 100% (8/8), done.
Writing objects: 100% (8/8), 133.90 KiB | 7.44 MiB/s, done.
Total 8 (delta 0), reused 0 (delta 0), pack-reused 0
To https://github.com/PaulGlez7/Paul_examen.git
   af96622..c813c03  recurso_humano -> recurso_humano

epaul@LAPTOP-UOM6DENQ MINGW64 /c/desarrolloWeb/Paul_Examen (recurso_humano)
$ git add .

epaul@LAPTOP-UOM6DENQ MINGW64 /c/desarrolloWeb/Paul_Examen (recurso_humano)
$ git commit -m "añadiendo sueldos"
[recurso_humano 3d60f55] añadiendo sueldos
 1 file changed, 5 insertions(+)
 create mode 100644 sueldos.txt

epaul@LAPTOP-UOM6DENQ MINGW64 /c/desarrolloWeb/Paul_Examen (recurso_humano)
$ git push origin recurso_humano
Enumerating objects: 4, done.
Counting objects: 100% (4/4), done.
Delta compression using up to 8 threads
Compressing objects: 100% (3/3), done.
Writing objects: 100% (3/3), 358 bytes | 119.00 KiB/s, done.
Total 3 (delta 1), reused 0 (delta 0), pack-reused 0
remote: Resolving deltas: 100% (1/1), completed with 1 local object.
To https://github.com/PaulGlez7/Paul_examen.git
   c813c03..3d60f55  recurso_humano -> recurso_humano

epaul@LAPTOP-UOM6DENQ MINGW64 /c/desarrolloWeb/Paul_Examen (recurso_humano)
$ git checkout main
Switched to branch 'main'
Your branch is up to date with 'origin/main'.

epaul@LAPTOP-UOM6DENQ MINGW64 /c/desarrolloWeb/Paul_Examen (main)
$
